Copyright 1986-2018 Xilinx, Inc. All Rights Reserved.
--------------------------------------------------------------------------------------------------------------------------------------------------------------------------------
| Tool Version : Vivado v.2018.3 (win64) Build 2405991 Thu Dec  6 23:38:27 MST 2018
| Date         : Fri Dec 27 16:30:00 2019
| Host         : DESKTOP-EKOU29H running 64-bit major release  (build 9200)
| Command      : report_methodology -file ALPIDE_Carrier_methodology_drc_routed.rpt -pb ALPIDE_Carrier_methodology_drc_routed.pb -rpx ALPIDE_Carrier_methodology_drc_routed.rpx
| Design       : ALPIDE_Carrier
| Device       : xc7a35ticsg324-1L
| Speed File   : -1L
| Design State : Fully Routed
--------------------------------------------------------------------------------------------------------------------------------------------------------------------------------

Report Methodology

Table of Contents
-----------------
1. REPORT SUMMARY
2. REPORT DETAILS

1. REPORT SUMMARY
-----------------
            Netlist: netlist
          Floorplan: design_1
      Design limits: <entire design considered>
             Max violations: <unlimited>
             Violations found: 1
+-----------+----------+-------------------+------------+
| Rule      | Severity | Description       | Violations |
+-----------+----------+-------------------+------------+
| TIMING-20 | Warning  | Non-clocked latch | 1          |
+-----------+----------+-------------------+------------+

2. REPORT DETAILS
-----------------
TIMING-20#1 Warning
Non-clocked latch  
The latch pin_in_reg cannot be properly analyzed as its control pin pin_in_reg/G is not reached by a timing clock
Related violations: <none>


